2026-07-25 19:13:52,734 [INFO] UNDERWRITER_AGENT: [build_database]: /home/rakeshchanda/TrainingFolder/POC_Insurance/Training_POC_Insurance/Data/Output/submission.db with 24 claim(s)
2026-07-25 19:54:44,556 [INFO] UNDERWRITER_AGENT: Loaded 4 structured loss run(s)
2026-07-25 19:56:16,020 [INFO] UNDERWRITER_AGENT: Loaded 4 structured loss run(s)
2026-07-25 19:57:21,584 [INFO] UNDERWRITER_AGENT: Loaded 4 structured loss run(s)
2026-07-25 19:58:18,171 [INFO] UNDERWRITER_AGENT: Loaded 4 structured loss run(s)
2026-07-25 19:58:32,860 [INFO] UNDERWRITER_AGENT: Loaded 4 structured loss run(s)
2026-07-25 19:59:46,738 [INFO] UNDERWRITER_AGENT: Loaded 4 structured loss run(s)
2026-07-25 20:00:35,005 [INFO] UNDERWRITER_AGENT: Loaded 4 structured loss run(s)
2026-07-25 20:00:35,025 [INFO] UNDERWRITER_AGENT: Step 5 complete: Unified claims saved
2026-07-25 20:00:35,025 [INFO] UNDERWRITER_AGENT: Step 6 complete: Risk metrics saved
2026-07-26 07:44:47,383 [INFO] UNDERWRITER_AGENT: [sql_rag] Q: Which insurance company paid the highest claim amount?
2026-07-26 07:49:03,966 [INFO] UNDERWRITER_AGENT: [sql_rag] Q: which insurance compnay paid the highest claim amount?
2026-07-26 07:49:09,020 [INFO] UNDERWRITER_AGENT: [sql_rag] Run Query: SELECT company, SUM(claim_amount) FROM claims GROUP BY company ORDER BY SUM(claim_amount) DESC LIMIT 1
2026-07-26 07:49:11,968 [INFO] UNDERWRITER_AGENT: [sql_rag] Schema: [{'column': 'claim_number', 'type': 'TEXT'}, {'column': 'loss_date', 'type': 'TEXT'}, {'column': 'status', 'type': 'TEXT'}, {'column': 'cause_of_loss', 'type': 'TEXT'}, {'column': 'state', 'type': 'TEXT'}, {'column': 'paid_loss', 'type': 'REAL'}, {'column': 'paid_expense', 'type': 'REAL'}, {'column': 'reserve', 'type': 'REAL'}, {'column': 'total_incurred', 'type': 'REAL'}, {'column': 'subrogation', 'type': 'REAL'}, {'column': 'cat_indicator', 'type': 'INTEGER'}, {'column': 'source_file', 'type': 'TEXT'}, {'column': 'carrier_name', 'type': 'TEXT'}, {'column': 'policy_year', 'type': 'TEXT'}, {'column': 'policy_start', 'type': 'TEXT'}, {'column': 'policy_end', 'type': 'TEXT'}, {'column': 'annual_premium', 'type': 'REAL'}, {'column': 'per_occurrence_limit', 'type': 'REAL'}]
2026-07-26 07:49:25,159 [INFO] UNDERWRITER_AGENT: [sql_rag] Run Query: SELECT SUM(paid_loss) FROM claims GROUP BY carrier_name ORDER BY SUM(paid_loss) DESC LIMIT 1
2026-07-26 07:49:32,583 [INFO] UNDERWRITER_AGENT: [sql_rag] A: The insurance company that paid the highest claim amount is not specified in the provided query results, as it only returns a single value: the total paid loss for the top-paying company. However, according to the results, the top-paying company had a total paid loss of $326,834.99.
2026-07-26 07:51:36,592 [INFO] UNDERWRITER_AGENT: [sql_rag] Q: which insurance company paid highest claim amount?
2026-07-26 07:51:39,674 [INFO] UNDERWRITER_AGENT: [sql_rag] Run Query: SELECT insurance_company, SUM(claim_amount) FROM claims GROUP BY insurance_company ORDER BY SUM(claim_amount) DESC LIMIT 1
2026-07-26 07:51:42,132 [INFO] UNDERWRITER_AGENT: [sql_rag] Schema: [{'column': 'claim_number', 'type': 'TEXT'}, {'column': 'loss_date', 'type': 'TEXT'}, {'column': 'status', 'type': 'TEXT'}, {'column': 'cause_of_loss', 'type': 'TEXT'}, {'column': 'state', 'type': 'TEXT'}, {'column': 'paid_loss', 'type': 'REAL'}, {'column': 'paid_expense', 'type': 'REAL'}, {'column': 'reserve', 'type': 'REAL'}, {'column': 'total_incurred', 'type': 'REAL'}, {'column': 'subrogation', 'type': 'REAL'}, {'column': 'cat_indicator', 'type': 'INTEGER'}, {'column': 'source_file', 'type': 'TEXT'}, {'column': 'carrier_name', 'type': 'TEXT'}, {'column': 'policy_year', 'type': 'TEXT'}, {'column': 'policy_start', 'type': 'TEXT'}, {'column': 'policy_end', 'type': 'TEXT'}, {'column': 'annual_premium', 'type': 'REAL'}, {'column': 'per_occurrence_limit', 'type': 'REAL'}]
2026-07-26 07:51:51,978 [INFO] UNDERWRITER_AGENT: [sql_rag] Run Query: SELECT SUM(total_incurred) FROM claims GROUP BY carrier_name ORDER BY SUM(total_incurred) DESC LIMIT 1
2026-07-26 07:51:57,683 [INFO] UNDERWRITER_AGENT: [sql_rag] A: The insurance company that paid the highest claim amount is not specified in the output, but the company that received the highest total incurred is XYZ Insurance with a total of $680,948.35.
2026-07-26 08:13:46,527 [INFO] UNDERWRITER_AGENT: [MENU]: Summarize file Selected
2026-07-26 08:13:46,528 [INFO] UNDERWRITER_AGENT: [summary_pipeline] summary_pipeline-file run started
2026-07-26 08:14:55,380 [INFO] UNDERWRITER_AGENT: [MENU]: Summarize file Selected
2026-07-26 08:14:55,381 [INFO] UNDERWRITER_AGENT: [summary_pipeline] summary_pipeline-file run started
2026-07-26 08:28:30,921 [INFO] UNDERWRITER_AGENT: [sql_rag] Q: q
2026-07-26 10:36:25,101 [INFO] UNDERWRITER_AGENT: [sql_rag] Q: Whihc claim was of maximum amount
2026-07-26 10:41:28,624 [INFO] UNDERWRITER_AGENT: [sql_rag] Q: Why insurance company paid the highest indivdiual claim to insured?
2026-07-26 10:42:18,927 [INFO] UNDERWRITER_AGENT: [sql_rag] Run Query: SELECT insured, sum(claim_amount) AS max_claim FROM claims GROUP BY insured ORDER BY max_claim DESC LIMIT 1
2026-07-26 10:42:26,063 [INFO] UNDERWRITER_AGENT: [sql_rag] Schema: [{'column': 'claim_number', 'type': 'TEXT'}, {'column': 'loss_date', 'type': 'TEXT'}, {'column': 'status', 'type': 'TEXT'}, {'column': 'cause_of_loss', 'type': 'TEXT'}, {'column': 'state', 'type': 'TEXT'}, {'column': 'paid_loss', 'type': 'REAL'}, {'column': 'paid_expense', 'type': 'REAL'}, {'column': 'reserve', 'type': 'REAL'}, {'column': 'total_incurred', 'type': 'REAL'}, {'column': 'subrogation', 'type': 'REAL'}, {'column': 'cat_indicator', 'type': 'INTEGER'}, {'column': 'source_file', 'type': 'TEXT'}, {'column': 'carrier_name', 'type': 'TEXT'}, {'column': 'policy_year', 'type': 'TEXT'}, {'column': 'policy_start', 'type': 'TEXT'}, {'column': 'policy_end', 'type': 'TEXT'}, {'column': 'annual_premium', 'type': 'REAL'}, {'column': 'per_occurrence_limit', 'type': 'REAL'}]
2026-07-26 10:42:41,953 [INFO] UNDERWRITER_AGENT: [sql_rag] Run Query: SELECT SUM(paid_loss) FROM claims
2026-07-26 10:42:46,291 [INFO] UNDERWRITER_AGENT: [sql_rag] A: The insurance company paid the highest individual claim to an insured for $926,978.26.
2026-07-26 10:44:16,657 [INFO] UNDERWRITER_AGENT: [sql_rag] Q: which company paid the highest individual clai to the insured and when?
2026-07-26 10:44:20,140 [INFO] UNDERWRITER_AGENT: [sql_rag] Run Query: SELECT policyholder, claim_amount, date_submitted FROM claims ORDER BY claim_amount DESC LIMIT 1
2026-07-26 10:44:22,978 [INFO] UNDERWRITER_AGENT: [sql_rag] Schema: [{'column': 'claim_number', 'type': 'TEXT'}, {'column': 'loss_date', 'type': 'TEXT'}, {'column': 'status', 'type': 'TEXT'}, {'column': 'cause_of_loss', 'type': 'TEXT'}, {'column': 'state', 'type': 'TEXT'}, {'column': 'paid_loss', 'type': 'REAL'}, {'column': 'paid_expense', 'type': 'REAL'}, {'column': 'reserve', 'type': 'REAL'}, {'column': 'total_incurred', 'type': 'REAL'}, {'column': 'subrogation', 'type': 'REAL'}, {'column': 'cat_indicator', 'type': 'INTEGER'}, {'column': 'source_file', 'type': 'TEXT'}, {'column': 'carrier_name', 'type': 'TEXT'}, {'column': 'policy_year', 'type': 'TEXT'}, {'column': 'policy_start', 'type': 'TEXT'}, {'column': 'policy_end', 'type': 'TEXT'}, {'column': 'annual_premium', 'type': 'REAL'}, {'column': 'per_occurrence_limit', 'type': 'REAL'}]
2026-07-26 10:44:33,481 [INFO] UNDERWRITER_AGENT: [sql_rag] Run Query: SELECT MAX(paid_loss) AS max_claim_amount, date_submitted FROM claims ORDER BY paid_loss DESC LIMIT 1
2026-07-26 10:44:36,276 [INFO] UNDERWRITER_AGENT: [sql_rag] Schema: [{'column': 'claim_number', 'type': 'TEXT'}, {'column': 'loss_date', 'type': 'TEXT'}, {'column': 'status', 'type': 'TEXT'}, {'column': 'cause_of_loss', 'type': 'TEXT'}, {'column': 'state', 'type': 'TEXT'}, {'column': 'paid_loss', 'type': 'REAL'}, {'column': 'paid_expense', 'type': 'REAL'}, {'column': 'reserve', 'type': 'REAL'}, {'column': 'total_incurred', 'type': 'REAL'}, {'column': 'subrogation', 'type': 'REAL'}, {'column': 'cat_indicator', 'type': 'INTEGER'}, {'column': 'source_file', 'type': 'TEXT'}, {'column': 'carrier_name', 'type': 'TEXT'}, {'column': 'policy_year', 'type': 'TEXT'}, {'column': 'policy_start', 'type': 'TEXT'}, {'column': 'policy_end', 'type': 'TEXT'}, {'column': 'annual_premium', 'type': 'REAL'}, {'column': 'per_occurrence_limit', 'type': 'REAL'}]
2026-07-26 10:44:51,201 [INFO] UNDERWRITER_AGENT: [sql_rag] Run Query: SELECT MAX(paid_loss) AS max_claim_amount FROM claims
2026-07-26 10:45:01,137 [INFO] UNDERWRITER_AGENT: [sql_rag] A: The company that paid the highest individual claim to the insured was [Carrier Name] with a claim amount of $146,170.75, which occurred in [Year].
2026-07-26 10:53:59,141 [INFO] UNDERWRITER_AGENT: [sql_rag] Schema: [{'column': 'claim_number', 'type': 'TEXT'}, {'column': 'total_incurred', 'type': 'REAL'}, {'column': 'status', 'type': 'TEXT'}]
2026-07-26 10:53:59,150 [INFO] UNDERWRITER_AGENT: [sql_rag] Run Query: SELECT claim_number FROM claims WHERE status='Open'
2026-07-26 10:53:59,160 [INFO] UNDERWRITER_AGENT: [sql_rag] Run Query: SELECT COUNT(*) AS n, SUM(total_incurred) AS total FROM claims
2026-07-26 10:54:35,395 [INFO] UNDERWRITER_AGENT: [sql_rag] Run Query: SELECT COUNT(*) FROM claims WHERE status = "open"
2026-07-26 10:56:50,812 [INFO] UNDERWRITER_AGENT: [sql_rag] Schema: [{'column': 'claim_number', 'type': 'TEXT'}, {'column': 'total_incurred', 'type': 'REAL'}, {'column': 'status', 'type': 'TEXT'}]
2026-07-26 10:56:50,824 [INFO] UNDERWRITER_AGENT: [sql_rag] Run Query: SELECT claim_number FROM claims WHERE status='Open'
2026-07-26 10:56:50,837 [INFO] UNDERWRITER_AGENT: [sql_rag] Run Query: SELECT COUNT(*) AS n, SUM(total_incurred) AS total FROM claims
2026-07-26 10:58:01,613 [INFO] UNDERWRITER_AGENT: [sql_rag] Schema: [{'column': 'claim_number', 'type': 'TEXT'}, {'column': 'total_incurred', 'type': 'REAL'}, {'column': 'status', 'type': 'TEXT'}]
2026-07-26 10:58:01,635 [INFO] UNDERWRITER_AGENT: [sql_rag] Run Query: SELECT claim_number FROM claims WHERE status='Open'
2026-07-26 11:02:19,724 [INFO] UNDERWRITER_AGENT: [sql_rag] Schema: [{'column': 'claim_number', 'type': 'TEXT'}, {'column': 'total_incurred', 'type': 'REAL'}, {'column': 'status', 'type': 'TEXT'}]
2026-07-26 11:02:19,733 [INFO] UNDERWRITER_AGENT: [sql_rag] Run Query: SELECT claim_number FROM claims WHERE status='Open'
2026-07-26 11:04:08,451 [INFO] UNDERWRITER_AGENT: [sql_rag] Schema: [{'column': 'claim_number', 'type': 'TEXT'}, {'column': 'total_incurred', 'type': 'REAL'}, {'column': 'status', 'type': 'TEXT'}]
2026-07-26 11:04:08,461 [INFO] UNDERWRITER_AGENT: [sql_rag] Run Query: SELECT claim_number FROM claims WHERE status='Open'
2026-07-30 06:42:01,688 [INFO] UNDERWRITER_AGENT: [MENU]: Summarize file Selected
2026-07-30 06:42:01,690 [INFO] UNDERWRITER_AGENT: [summary_pipeline] summary_pipeline-file run started
2026-07-30 06:42:22,208 [INFO] UNDERWRITER_AGENT: [sql_rag] Q: Which insurance company paid the hihest claim amount
2026-07-30 06:43:14,709 [INFO] UNDERWRITER_AGENT: [sql_rag] Run Query: SELECT "insurer", MAX("amount") FROM claims GROUP BY "insurer"
2026-07-30 06:43:14,714 [INFO] UNDERWRITER_AGENT: [sql_rag] Schema: [{'column': 'claim_number', 'type': 'TEXT'}, {'column': 'loss_date', 'type': 'TEXT'}, {'column': 'status', 'type': 'TEXT'}, {'column': 'cause_of_loss', 'type': 'TEXT'}, {'column': 'state', 'type': 'TEXT'}, {'column': 'paid_loss', 'type': 'REAL'}, {'column': 'paid_expense', 'type': 'REAL'}, {'column': 'reserve', 'type': 'REAL'}, {'column': 'total_incurred', 'type': 'REAL'}, {'column': 'subrogation', 'type': 'REAL'}, {'column': 'cat_indicator', 'type': 'INTEGER'}, {'column': 'source_file', 'type': 'TEXT'}, {'column': 'carrier_name', 'type': 'TEXT'}, {'column': 'policy_year', 'type': 'TEXT'}, {'column': 'policy_start', 'type': 'TEXT'}, {'column': 'policy_end', 'type': 'TEXT'}, {'column': 'annual_premium', 'type': 'REAL'}, {'column': 'per_occurrence_limit', 'type': 'REAL'}]
2026-07-30 06:43:31,616 [INFO] UNDERWRITER_AGENT: [sql_rag] A: The insurance company that paid the highest claim amount is the one with the maximum "amount" in the claims database. The value of "amount" for this insurer is $10,200,000.00
